\BOOKMARK [1][-]{section.1}{\376\377\000I\000n\000t\000r\000o\000d\000u\000c\000t\000i\000o\000n}{}% 1
\BOOKMARK [2][-]{subsection.1.1}{\376\377\000P\000i\000p\000e\000l\000i\000n\000i\000n\000g}{section.1}% 2
\BOOKMARK [3][-]{subsubsection.1.1.1}{\376\377\000W\000h\000y\000\040\000\336\000-\0002\000\040\000D\000i\000f\000f\000e\000r\000s\000\040\000F\000r\000o\000m\000\040\000C\000l\000a\000s\000s\000i\000c\000\040\000R\000I\000S\000C}{subsection.1.1}% 3
\BOOKMARK [2][-]{subsection.1.2}{\376\377\000H\000a\000z\000a\000r\000d\000\040\000A\000v\000o\000i\000d\000a\000n\000c\000e}{section.1}% 4
\BOOKMARK [3][-]{subsubsection.1.2.1}{\376\377\000A\000d\000d\000i\000n\000g\000\040\000S\000t\000a\000l\000l\000s}{subsection.1.2}% 5
\BOOKMARK [3][-]{subsubsection.1.2.2}{\376\377\000O\000p\000e\000r\000a\000n\000d\000\040\000F\000o\000r\000w\000a\000r\000d\000i\000n\000g}{subsection.1.2}% 6
\BOOKMARK [1][-]{section.2}{\376\377\000P\000r\000o\000g\000r\000a\000m\000\040\000C\000o\000u\000n\000t\000e\000r}{}% 7
\BOOKMARK [1][-]{section.3}{\376\377\000D\000e\000c\000o\000d\000e\000\040\000L\000o\000g\000i\000c}{}% 8
\BOOKMARK [1][-]{section.4}{\376\377\000I\000m\000m\000e\000d\000i\000a\000t\000e\000\040\000V\000a\000l\000u\000e\000\040\000G\000e\000n\000e\000r\000a\000t\000o\000r}{}% 9
\BOOKMARK [1][-]{section.5}{\376\377\000R\000e\000g\000i\000s\000t\000e\000r\000s}{}% 10
\BOOKMARK [2][-]{subsection.5.1}{\376\377\000T\000h\000e\000o\000r\000y\000\040\000o\000f\000\040\000O\000p\000e\000r\000a\000t\000i\000o\000n}{section.5}% 11
\BOOKMARK [2][-]{subsection.5.2}{\376\377\000C\000o\000n\000t\000r\000o\000l\000\040\000L\000o\000g\000i\000c}{section.5}% 12
\BOOKMARK [1][-]{section.6}{\376\377\000A\000L\000U}{}% 13
\BOOKMARK [2][-]{subsection.6.1}{\376\377\000A\000d\000d\000e\000r}{section.6}% 14
\BOOKMARK [3][-]{subsubsection.6.1.1}{\376\377\000M\000e\000t\000h\000o\000d}{subsection.6.1}% 15
\BOOKMARK [3][-]{subsubsection.6.1.2}{\376\377\000M\000o\000d\000i\000f\000i\000e\000d\000\040\000C\000a\000r\000r\000y\000-\000L\000o\000o\000k\000a\000h\000e\000a\000d}{subsection.6.1}% 16
\BOOKMARK [3][-]{subsubsection.6.1.3}{\376\377\000D\000o\000i\000n\000g\000\040\000t\000h\000e\000\040\000A\000d\000d\000i\000n\000g}{subsection.6.1}% 17
\BOOKMARK [3][-]{subsubsection.6.1.4}{\376\377\000C\000o\000n\000d\000i\000t\000i\000o\000n\000\040\000C\000h\000e\000c\000k\000i\000n\000g}{subsection.6.1}% 18
\BOOKMARK [2][-]{subsection.6.2}{\376\377\000L\000o\000g\000i\000c\000e\000r}{section.6}% 19
\BOOKMARK [3][-]{subsubsection.6.2.1}{\376\377\000L\000o\000g\000i\000c\000\040\000f\000r\000o\000m\000\040\000M\000U\000X\000s}{subsection.6.2}% 20
\BOOKMARK [3][-]{subsubsection.6.2.2}{\376\377\000S\000e\000t\000t\000i\000n\000g\000\040\000u\000p\000\040\000t\000h\000e\000\040\000M\000U\000X}{subsection.6.2}% 21
\BOOKMARK [2][-]{subsection.6.3}{\376\377\000S\000h\000i\000f\000t\000e\000r}{section.6}% 22
\BOOKMARK [3][-]{subsubsection.6.3.1}{\376\377\000B\000i\000t\000\040\000O\000r\000d\000e\000r\000\040\000R\000e\000v\000e\000r\000s\000e\000r}{subsection.6.3}% 23
\BOOKMARK [3][-]{subsubsection.6.3.2}{\376\377\000S\000h\000i\000f\000t\000\040\000S\000t\000a\000g\000e\000s}{subsection.6.3}% 24
\BOOKMARK [1][-]{section*.16}{\376\377\000R\000e\000f\000e\000r\000e\000n\000c\000e\000s}{}% 25
